// Jest Snapshot v1, https://goo.gl/fbAQLP

exports[`renders correctly 1`] = `
<div>
  <div
    class="image-container"
    id="home"
  >
    <img
      class="bg-image cover"
      src="/static/home-bg.jpg"
      style="display: none;"
    />
    <div
      class="bg-image cover"
      style="background-image: url(/static/home-bg.jpg);"
    />
    <div
      class="content-above home-bg"
    >
      <div
        class="home-logo"
        style="display: block; background: url(/static/logo-white.png) no-repeat center; background-size: contain; height: 117px; width: 130px; overflow: hidden; text-indent: -999em; cursor: pointer;"
      >
        <h1>
          Vida Natural
        </h1>
      </div>
    </div>
  </div>
</div>
`;
