// Jest Snapshot v1, https://goo.gl/fbAQLP

exports[`renders correctly 1`] = `
<div>
  <div
    class="about-section columns is-gapless is-multiline"
    id="sobre"
  >
    <div
      class="about-header column"
      style="display: flex;"
    >
      <div
        class="image-container about-bg"
      >
        <img
          class="bg-image css-174dvwn-Img"
          src="/static/about-bg.jpg"
        />
        <div
          class="bg-image"
          style="background-image: url(/static/about-bg.jpg);"
        />
        <div
          class="css-lzqrzc"
        />
      </div>
    </div>
    <div
      class="content-wrapper column"
    >
      <div
        class="banner-content-wrapper"
      >
        <div
          class="content black-content banner-content"
        >
          <h2
            class="title is-4"
          >
            Sobre a VN
          </h2>
          <div
            class="md-content"
          >
            <p>
              <strong>
                Consciência
              </strong>
               é a palavra mais importante do nosso vocabulário.
Ela está presente em todas as nossas iniciativas e, também, na forma como nos relacionamos com as pessoas, como produzimos e entregamos os nossos cosméticos.
            </p>
            <p>
              Produzimos 
              <strong>
                desodorantes, shampoos, cremes, óleos hidratantes, pó dental e protetor labial
              </strong>
               elaborados em um processo de  produção totalmente artesanal, 
              <strong>
                100% feitos à mão
              </strong>
               e em pequenos lotes, o que garante a entrega de cosméticos 
              <strong>
                únicos
              </strong>
              , 
              <strong>
                frescos
              </strong>
              , 
              <strong>
                eficientes
              </strong>
              , em total 
              <strong>
                equilíbrio
              </strong>
               com o seu corpo e o meio 
              <strong>
                ambiente
              </strong>
              .
            </p>
            <p>
              Com a nossa linha de cosméticos queremos incentivar um movimento para 
              <strong>
                desconstruir ideias
              </strong>
              , propor 
              <strong>
                mudanças no comportamento
              </strong>
               e nos 
              <strong>
                valores
              </strong>
               para favorecer um consumo mais simples, 
              <strong>
                consciente
              </strong>
               e em maior 
              <strong>
                equilíbrio
              </strong>
               com a saúde do seu corpo e a 
              <strong>
                natureza
              </strong>
              .
Acreditamos na força deste 
              <strong>
                movimento
              </strong>
               e convidamos todos a participar adotando um 
              <strong>
                consumo mais consciente
              </strong>
               de produtos para higiene e cuidados com o corpo.
            </p>
          </div>
        </div>
        <p
          class="banner-content"
        >
          <button
            class="is-large is-light is-rounded is-outlined button"
            tabindex="0"
          >
            Quero saber mais
          </button>
        </p>
      </div>
    </div>
  </div>
</div>
`;
