// Jest Snapshot v1, https://goo.gl/fbAQLP

exports[`renders correctly 1`] = `
<div>
  <div
    class="app-wrapper"
  >
    <aside
      class="social-icons css-1yng9sw"
    >
      <a
        class="css-10mlhc4"
        href="https://facebook.com/vidanatural.eco/"
        target="blank"
        title="Facebook"
      >
        <svg
          baseProfile="tiny"
          fill="currentColor"
          height="1.8em"
          stroke="currentColor"
          stroke-width="0"
          version="1.2"
          viewBox="0 0 24 24"
          width="1.8em"
          xmlns="http://www.w3.org/2000/svg"
        >
          <path
            d="M13 10h3v3h-3v7h-3v-7h-3v-3h3v-1.255c0-1.189.374-2.691 1.118-3.512.744-.823 1.673-1.233 2.786-1.233h2.096v3h-2.1c-.498 0-.9.402-.9.899v2.101z"
          />
        </svg>
      </a>
      <a
        href="https://www.instagram.com/vidanatural.eco/"
        target="blank"
        title="Instagram"
      >
        <svg
          baseProfile="tiny"
          fill="currentColor"
          height="1.8em"
          stroke="currentColor"
          stroke-width="0"
          version="1.2"
          viewBox="0 0 24 24"
          width="1.8em"
          xmlns="http://www.w3.org/2000/svg"
        >
          <path
            d="M18 3h-12c-1.7 0-3 1.3-3 3v12c0 1.7 1.3 3 3 3h12c1.7 0 3-1.3 3-3v-12c0-1.7-1.3-3-3-3zm-6 6c1.7 0 3 1.3 3 3s-1.3 3-3 3-3-1.3-3-3 1.3-3 3-3zm3.8-2c0-.7.6-1.2 1.2-1.2s1.2.6 1.2 1.2-.5 1.2-1.2 1.2-1.2-.5-1.2-1.2zm2.2 12h-12c-.6 0-1-.4-1-1v-6h2c0 2.8 2.2 5 5 5s5-2.2 5-5h2v6c0 .6-.4 1-1 1z"
          />
        </svg>
      </a>
    </aside>
    <a
      class="menu-icon"
      href="#menu"
      title="Menu"
    >
      <div
        class="menu-icon-dash outer"
      />
      <div
        class="menu-icon-dash"
      />
      <div
        class="menu-icon-dash outer"
      />
    </a>
    Foo
    <footer
      class="footer css-1d3d2vp-Footer"
      id="contato"
    >
      <div
        class="container"
      >
        <nav
          class="level"
        >
          <p
            class="level-item css-r2z8o1-Footer"
          >
            <a
              class="css-1bwtpic-Footer"
              href="https://www.facebook.com/vidanatural.eco/"
              target="blank"
            >
              <svg
                fill="currentColor"
                height="1em"
                stroke="currentColor"
                stroke-width="0"
                viewBox="0 0 320 512"
                width="1em"
                xmlns="http://www.w3.org/2000/svg"
              >
                <path
                  d="M279.14 288l14.22-92.66h-88.91v-60.13c0-25.35 12.42-50.06 52.24-50.06h40.42V6.26S260.43 0 225.36 0c-73.22 0-121.08 44.38-121.08 124.72v70.62H22.89V288h81.39v224h100.17V288z"
                />
              </svg>
            </a>
            <a
              class="css-1bwtpic-Footer"
              href="https://www.instagram.com/vidanatural.eco/"
              target="blank"
            >
              <svg
                fill="currentColor"
                height="1em"
                stroke="currentColor"
                stroke-width="0"
                viewBox="0 0 448 512"
                width="1em"
                xmlns="http://www.w3.org/2000/svg"
              >
                <path
                  d="M224.1 141c-63.6 0-114.9 51.3-114.9 114.9s51.3 114.9 114.9 114.9S339 319.5 339 255.9 287.7 141 224.1 141zm0 189.6c-41.1 0-74.7-33.5-74.7-74.7s33.5-74.7 74.7-74.7 74.7 33.5 74.7 74.7-33.6 74.7-74.7 74.7zm146.4-194.3c0 14.9-12 26.8-26.8 26.8-14.9 0-26.8-12-26.8-26.8s12-26.8 26.8-26.8 26.8 12 26.8 26.8zm76.1 27.2c-1.7-35.9-9.9-67.7-36.2-93.9-26.2-26.2-58-34.4-93.9-36.2-37-2.1-147.9-2.1-184.9 0-35.8 1.7-67.6 9.9-93.9 36.1s-34.4 58-36.2 93.9c-2.1 37-2.1 147.9 0 184.9 1.7 35.9 9.9 67.7 36.2 93.9s58 34.4 93.9 36.2c37 2.1 147.9 2.1 184.9 0 35.9-1.7 67.7-9.9 93.9-36.2 26.2-26.2 34.4-58 36.2-93.9 2.1-37 2.1-147.8 0-184.8zM398.8 388c-7.8 19.6-22.9 34.7-42.6 42.6-29.5 11.7-99.5 9-132.1 9s-102.7 2.6-132.1-9c-19.6-7.8-34.7-22.9-42.6-42.6-11.7-29.5-9-99.5-9-132.1s-2.6-102.7 9-132.1c7.8-19.6 22.9-34.7 42.6-42.6 29.5-11.7 99.5-9 132.1-9s102.7-2.6 132.1 9c19.6 7.8 34.7 22.9 42.6 42.6 11.7 29.5 9 99.5 9 132.1s2.7 102.7-9 132.1z"
                />
              </svg>
            </a>
          </p>
          <p
            class="level-item css-r2z8o1-Footer"
          >
            <a
              href="#"
            >
              <img
                alt="Vida Natural"
                src="/static/logo.svg"
                style="display: block; width: 90px; height: 90px;"
              />
            </a>
          </p>
          <p
            class="css-r2z8o1-Footer"
          >
            Vida Natural | Cosmética __nsciente © 
            2019
            .
          </p>
        </nav>
      </div>
    </footer>
  </div>
</div>
`;
