// Jest Snapshot v1, https://goo.gl/fbAQLP

exports[`renders correctly 1`] = `
<div>
  <div
    class="css-irpwd7-People"
    id="eu-uso"
  >
    <div
      class="tile"
    >
      <div
        class="tile"
      >
        <div
          class="css-w0tsut-People"
        >
          <div
            class="css-bbfu67-Masonry"
          >
            <article
              class="css-1eefv9q-TestimonialContent"
            >
              <h3
                class="title is-4"
              >
                Maia Silva
              </h3>
              <p>
                Eu amo escolher 
                <strong>
                  diariamente
                </strong>
                 a Vida Natural para 
                <strong>
                  nutrir
                </strong>
                 meu corpo. Falar de cosméticos é falar de prevenção e alimentação também.
                <br />
                  Além de serem uma 
                <strong>
                  escolha de consumo consciente e responsável
                </strong>
                , eles deixam minha pele cheirosa e nutrida por muito tempo, 
                <strong>
                  livre de toxinas
                </strong>
                 que ao longo dos anos possam danificar minha 
                <strong>
                  saúde
                </strong>
                .
              </p>
              <em>
                Psicóloga Social - Argentina
              </em>
            </article>
            <article
              class="css-1eefv9q-TestimonialContent"
            >
              <h3
                class="title is-4"
              >
                Thais e Bruno Padoveze
              </h3>
              <p>
                Há 3 anos comprovando a 
                <strong>
                  eficácia
                </strong>
                , a 
                <strong>
                  pureza
                </strong>
                 e a riqueza 
                <strong>
                  natural
                </strong>
                 de toda a linha de produtos. Muitos, mas muitos amigos hoje em dia também são clientes e fãs dos cosméticos Vida Natural.
                <br />
                  Ainda bem que existem produtos tão 
                <strong>
                  seguros e naturais
                </strong>
                 ao alcance de nossas mãos aqui no Brasil. Obrigado Lila!
              </p>
              <em>
                Goiânia
              </em>
            </article>
            <article
              class="css-1eefv9q-TestimonialContent"
            >
              <h3
                class="title is-4"
              >
                Maurício Frighetto
              </h3>
              <p>
                Todos os produtos que experimentei da Vida Natural foram 
                <strong>
                  muito eficientes
                </strong>
                . O que já é um grande ponto positivo. Mas talvez o mais importante para mim seja saber que eles foram feitos com 
                <strong>
                  carinho
                </strong>
                 e, principalmente, sem o uso de 
                <strong>
                  nenhum produto de origem animal
                </strong>
                . É um grande diferencial. Por estes dois motivos, recomendo fortemente
              </p>
              <em>
                Jornalista - Florianópolis / SC
              </em>
            </article>
            <article
              class="css-1eefv9q-TestimonialContent"
            >
              <h3
                class="title is-4"
              >
                Aline Blasius
              </h3>
              <p>
                Faz quase dois anos que uso o desodorante e o pó dental e são 
                <strong>
                  muito eficientes
                </strong>
                ! As 
                <strong>
                  embalagens são práticas
                </strong>
                 de carregar na bolsa. 
                <strong>
                  Sem veneninhos
                </strong>
                 e 
                <strong>
                  sem crueldade
                </strong>
                ! Recomendo!
              </p>
              <em>
                Dançarina - Florianópolis / SC
              </em>
            </article>
            <article
              class="css-1eefv9q-TestimonialContent"
            >
              <h3
                class="title is-4"
              >
                Rafael Pieruccini
              </h3>
              <p>
                Faz anos que procurava um 
                <strong>
                  desodorante natural que funcionasse
                </strong>
                , até que 
                <strong>
                  encontrei
                </strong>
                 o Vida Natural. Ele é 
                <strong>
                  extremamente eficiente
                </strong>
                , e o 
                <strong>
                  melhor
                </strong>
                , 
                <strong>
                  naturalmente
                </strong>
                .
              </p>
              <em>
                Empresário - Porto Alegre / RS
              </em>
            </article>
            <article
              class="css-1eefv9q-TestimonialContent"
            >
              <h3
                class="title is-4"
              >
                Mayara
              </h3>
              <p>
                Os produtos Vida Natural são 
                <strong>
                  incríveis
                </strong>
                , uso há uns 3 anos e 
                <strong>
                  não abro mão
                </strong>
                ! São 
                <strong>
                  super eficientes
                </strong>
                , não prejudicam minha 
                <strong>
                  saúde ou a natureza
                </strong>
                , super recomendo!
                <br />
                  Obrigada por criar esses produtos incríveis que 
                <strong>
                  eu tanto amo
                </strong>
                 e uso desde que conheci 💞🌱🙏
              </p>
              <em>
                Foz do Iguaçu / PR
              </em>
            </article>
            <article
              class="css-1eefv9q-TestimonialContent"
            >
              <h3
                class="title is-4"
              >
                Denise Franco
              </h3>
              <p>
                Conheci os cosméticos Vida Natural - digamos - em um momento muito marcante da minha vida: em Fevereiro de 2016, fui diagnosticada com 
                <strong>
                  Carcinoma Infiltrativo de Mama
                </strong>
                . Com uma filhinha de apenas três anos, não me permiti desesperar, resolvi iniciar imediatamente uma 
                <strong>
                  alimentação natural
                </strong>
                 e acompanhamento com um especialista da área, e a 
                <strong>
                  primeira recomendação
                </strong>
                 foi: não utilizar 
                <strong>
                  nenhum desodorante comum
                </strong>
                .
                <br />
                  Foi aí que começou outro problema. Sempre tive problemas com transpiração excessiva e receitas caseiras ou desodorantes naturais com precinhos bem altos simplesmente não funcionavam para mim.
                <br />
                  Foi então que encontrei os Cosméticos Vida Natural em uma casa de produtos naturais, e 
                <strong>
                  já no primeiro dia
                </strong>
                 fiquei aliviada, pois agora havia uma luz no fim do túnel, naquele momento poderia me concentrar somente na 
                <strong>
                  recuperação do meu corpo Físico
                </strong>
                , sem me preocupar com certos tipos de odores.
                <br />
                  Hoje, já recuperada, tenho a 
                <strong>
                  consciência
                </strong>
                 de quanta química está não só em nossa alimentação, mas também nos produtos para cabelo e principalmente para pele, produtos altamente prejudiciais a nossa saúde e bem estar, e que estamos expostos a todo tempo, sem podermos contar com essa indústria e governo da “Doença”.
                <br />
                  Sinto uma profunda gratidão por haver pessoas empreendedoras que, de certa forma, enfrentam esse mercado criminoso, e apresentam produtos feitos com 
                <strong>
                  carinho e respeito
                </strong>
                , 
                <strong>
                  cuidando verdadeiramente
                </strong>
                 do próximo.
              </p>
              <em>
                Vendedora - Canoas / RS
              </em>
            </article>
            <article
              class="css-1eefv9q-TestimonialContent"
            >
              <h3
                class="title is-4"
              >
                Diuly Venson
              </h3>
              <p>
                <strong>
                  Fantástico
                </strong>
                ! Segura o 
                <strong>
                  dia todo
                </strong>
                , inclusive 
                <strong>
                  durante atividades físicas
                </strong>
                , e o 
                <strong>
                  melhor, sem bloquear a transpiração
                </strong>
                . Um dos melhores desodorantes naturais que já experimentei. Super recomendo!!!
              </p>
              <em>
                Fotógrafa - Curitiba / PR
              </em>
            </article>
            <article
              class="css-1eefv9q-TestimonialContent"
            >
              <h3
                class="title is-4"
              >
                Samantha Linsmeyer
              </h3>
              <p>
                O desodorante que experimentei é 
                <strong>
                  simplesmente o melhor que já usei na minha vida
                </strong>
                . Eu não largo mais! Quero provar e experimentar os outros produtos.
                <br />
                  Senti ele leve, o 
                <strong>
                  aroma agradável
                </strong>
                 e com uma 
                <strong>
                  resistência
                </strong>
                 muito importante para quem tem uma 
                <strong>
                  rotina agitada
                </strong>
                 igual a minha. Agora quero mais, tenho certeza que vou amar os outros e me sinto feliz em 
                <strong>
                  cuidar também da natureza e dos animais
                </strong>
                 desta forma!
              </p>
              <em />
            </article>
            <article
              class="css-1eefv9q-TestimonialContent"
            >
              <h3
                class="title is-4"
              >
                Fabiula Zimmer
              </h3>
              <p>
                Os produtos Vida Natural fazem parte do 
                <strong>
                  meu dia a dia
                </strong>
                . Utilizo o 
                <strong>
                  desodorante em pasta
                </strong>
                 alternado com o 
                <strong>
                  roll on
                </strong>
                 e o 
                <strong>
                  óleo de girassol com palmarosa e lavanda
                </strong>
                , que é super 
                <strong>
                  hidratante
                </strong>
                 e tem um 
                <strong>
                  cheiro maravilhoso
                </strong>
                .
              </p>
              <em>
                Empresária - São Leopoldo / RS
              </em>
            </article>
            <article
              class="css-1eefv9q-TestimonialContent"
            >
              <h3
                class="title is-4"
              >
                Francisco Camolesi
              </h3>
              <p>
                Depois que experimentei 
                <strong>
                  nunca mais usei outro
                </strong>
                . Desodorante mais 
                <strong>
                  eficiente
                </strong>
                 que já usei. O produto é 
                <strong>
                  simplesmente sensacional
                </strong>
                . Já estou usando há dois anos e nem penso em experimentar outro!
              </p>
              <em>
                Engenheiro de Produção - Imbituba / SC
              </em>
            </article>
            <article
              class="css-1eefv9q-TestimonialContent"
            >
              <h3
                class="title is-4"
              >
                Lúcia do Valle
              </h3>
              <p>
                É 
                <strong>
                  saudável
                </strong>
                . É 
                <strong>
                  eficaz
                </strong>
                . E o 
                <strong>
                  planeta agradece
                </strong>
                .
              </p>
              <em>
                Cozinheira e Artesã - Florianópolis / SC
              </em>
            </article>
            <article
              class="css-1eefv9q-TestimonialContent"
            >
              <h3
                class="title is-4"
              >
                Luise Rabelo
              </h3>
              <p>
                Conheci os produtos Vida Natural por acaso há uns 3 anos e 
                <strong>
                  nunca mais deixei de usar
                </strong>
                , principalmente o 
                <strong>
                  desodorante em pasta
                </strong>
                , meu preferido. Os produtos são 
                <strong>
                  eficazes
                </strong>
                , tem um 
                <strong>
                  cheiro suave e gostoso
                </strong>
                 e 
                <strong>
                  não agridem nosso organismo
                </strong>
                 como os cosméticos convencionais. Obrigada Vida Natural por cuidar da gente com tanto 
                <strong>
                  carinho
                </strong>
                !
              </p>
              <em>
                Arquiteta - Porto Alegre / RS
              </em>
            </article>
            <article
              class="css-1eefv9q-TestimonialContent"
            >
              <h3
                class="title is-4"
              >
                Aline Niehues
              </h3>
              <p>
                Conhecemos a Vida Natural há, mais ou menos, dois anos, e foi 
                <strong>
                  amor ao primeiro uso
                </strong>
                ! 
                <strong>
                  Toda a nossa família usa os produtos
                </strong>
                , e desde então não consumimos outro.
                <br />
                  Tudo na Vida Natural, é feito com muito 
                <strong>
                  amor e carinho
                </strong>
                , isso se observa pela 
                <strong>
                  qualidade
                </strong>
                 e 
                <strong>
                  aroma
                </strong>
                 que os acompanha.
                <br />
                  Nós nos sentimos 
                <strong>
                  privilegiados
                </strong>
                 por poder usar os produtos da Vida Natural e espero que assim seja por longos anos. Somos muito gratos por 
                <strong>
                  poder fazer parte deste caminho
                </strong>
                 que visa o 
                <strong>
                  nosso bem-estar
                </strong>
                , mas em conjunto com os 
                <strong>
                  outros seres
                </strong>
                !
                <br />
                  Nosso agradecimento em especial e carinhoso à Dalila Ozório, criadora dos produtos!
              </p>
              <em>
                Professora de Yoga - Joinville / SC
              </em>
            </article>
            <article
              class="css-1eefv9q-TestimonialContent"
            >
              <h3
                class="title is-4"
              >
                Daniela Caniçali
              </h3>
              <p>
                Utilizo os produtos da Vida Natural há algum tempo, em especial os 
                <strong>
                  desodorantes
                </strong>
                 e o 
                <strong>
                  pó dental
                </strong>
                . Considero todos de 
                <strong>
                  excelente qualidade
                </strong>
                .
                <br />
                  Os desodorantes são 
                <strong>
                  super eficazes
                </strong>
                : passo 
                <strong>
                  apenas uma vez ao dia
                </strong>
                , pela manhã, e eles geralmente 
                <strong>
                  duram o dia todo
                </strong>
                , sem necessidade de reaplicação. O 
                <strong>
                  pó dental
                </strong>
                 também é uma 
                <strong>
                  ótima alternativa
                </strong>
                 à pasta de dente tradicional.
                <br />
                  Além disso, o fato de serem feitos com 
                <strong>
                  ingredientes 100% naturais e veganos
                </strong>
                 também proporcionam 
                <strong>
                  tranquilidade e segurança
                </strong>
                , por sabermos que não representam quaisquer riscos à nossa saúde ou de outros seres.
              </p>
              <em>
                Jornalista - Florianópolis / SC
              </em>
            </article>
            <article
              class="css-1eefv9q-TestimonialContent"
            >
              <h3
                class="title is-4"
              >
                Renata Santanayanna
              </h3>
              <p>
                Há 5 anos já uso os produtos da marca Vida Natural. Acompanho o crescimento dos produtos desde o início da produção e, tenho certeza, continuará crescendo por sua 
                <strong>
                  qualidade e comprometimento
                </strong>
                 com seus princípios de zelar pela 
                <strong>
                  saúde dos clientes
                </strong>
                .
                <br />
                  Fruto de um trabalho feito com 
                <strong>
                  muito amor
                </strong>
                , 
                <strong>
                  idealismo
                </strong>
                 e muita preocupação com a opinião de seu consumidor, transformando as críticas em melhorias.
              </p>
              <em>
                Relações Públicas - Joinville / SC
              </em>
            </article>
            <article
              class="css-1eefv9q-TestimonialContent"
            >
              <h3
                class="title is-4"
              >
                Karla Scherer
              </h3>
              <p>
                Sempre recomendo os produtos Vida Natural para meus amigos e para aqueles que desconhecem a 
                <strong>
                  eficácia dos desodorantes
                </strong>
                 e hidratantes naturais. Os produtos têm 
                <strong>
                  excelente qualidade
                </strong>
                , 
                <strong>
                  composição
                </strong>
                 perfeita e com ótimos preços!
              </p>
              <em>
                Professora de Dança Indiana - Florianópolis / SC
              </em>
            </article>
          </div>
          <div
            class="css-bbfu67-Masonry"
          >
            <article
              class="css-1eefv9q-TestimonialContent"
            >
              <h3
                class="title is-4"
              >
                Cristina Scudeler
              </h3>
              <p>
                Há mais de dois anos que uso o desodorante em pasta e 
                <strong>
                  não troco
                </strong>
                 por outro. 
                <strong>
                  Super eficiente
                </strong>
                , 
                <strong>
                  100% Natural
                </strong>
                , e rende muito, uso por pelo menos 
                <strong>
                  2 meses o mesmo
                </strong>
                 tubinho.
                <br />
                  Super feliz por esse produto existir!
              </p>
              <em>
                Empresária - São Paulo / SP
              </em>
            </article>
            <article
              class="css-1eefv9q-TestimonialContent"
            >
              <h3
                class="title is-4"
              >
                Juliana Eichenberg
              </h3>
              <p>
                A Vida Natural, mais do que uma marca, é a forma de vida da sua querida idealizadora. Não há limites separando a vida da Lila da Vida Natural e a Vida Natural da vida da Lila.
                <br />
                  Essa fusão, da criadora e da criação, é que torna os 
                <strong>
                  produtos que uso tão especiais
                </strong>
                 para mim. Tudo nasce de uma 
                <strong>
                  verdade profunda
                </strong>
                , de um anseio por 
                <strong>
                  sustentabilidade, regeneração e saúde
                </strong>
                . O que é evidente e palpável na postura da Lila e nos benefícios que sentimos ao nos nutrir através da Vida Natural.
                <br />
                  Obrigada, Vida Natural! Obrigada, Lila! Muito bom trilhar esse caminho com vocês, um grande privilégio!
              </p>
              <em>
                Professora de Yoga - Garopaba / SC
              </em>
            </article>
            <article
              class="css-1eefv9q-TestimonialContent"
            >
              <h3
                class="title is-4"
              >
                Samira Abdalah
              </h3>
              <p>
                Usar os produtos da Vida Natural é 
                <strong>
                  se sentir em harmonia com o corpo
                </strong>
                 e o 
                <strong>
                  meio ambiente
                </strong>
                . São produtos feitos com toda 
                <strong>
                  dedicação e carinho
                </strong>
                 e  de muita qualidade. Super ultra recomendado!
              </p>
              <em>
                Mestra em Educação - Montenegro / RS
              </em>
            </article>
            <article
              class="css-1eefv9q-TestimonialContent"
            >
              <h3
                class="title is-4"
              >
                Dircéia
              </h3>
              <p>
                Sou nutricionista e há alguns anos vinha procurando por um desodorante que 
                <strong>
                  não prejudicasse minha saúde
                </strong>
                , 
                <strong>
                  livre de alumínio
                </strong>
                , 
                <strong>
                  parabenos
                </strong>
                 e outras substâncias tóxicas.
                <br />
                  Na época que comecei a procurar, em torno de 10 anos atrás, não achava nada aqui no Brasil, então sempre que viajava eu buscava por um diferente, na esperança que fosse ótimo, afinal eram marcas importadas e de ótima qualidade! Fiquei um bom tempo intercalando os desodorantes normais com os livres de alumínio pois não achava um realmente bom. Foi então que um dia estava comprando alguns produtos em uma loja de Garopaba e 
                <strong>
                  achei o desodorante da Vida Natural
                </strong>
                ! 
                <strong>
                  Olhei os ingredientes
                </strong>
                , como de costume, e fiquei super 
                <strong>
                  empolgada com a composição
                </strong>
                ! Ainda mais que eu tinha feito recentemente um curso de aromaterapia e sabia dos 
                <strong>
                  benefícios dos óleos essenciais
                </strong>
                 na sua composição!
                <br />
                  Quando usei fiquei 
                <strong>
                  suuuuper feliz
                </strong>
                ! Enfim achei um 
                <strong>
                  produto de qualidade
                </strong>
                , realmente 
                <strong>
                  natural
                </strong>
                 e que funciona! Uso e indico para todos!! Obrigada por criarem esse excelente produto! A 
                <strong>
                  saúde e a natureza
                </strong>
                 agradecem!
              </p>
              <em>
                Nutricionista - Garopaba / SC
              </em>
            </article>
            <article
              class="css-1eefv9q-TestimonialContent"
            >
              <h3
                class="title is-4"
              >
                Zilda Gama
              </h3>
              <p>
                Em 2015 fui diagnosticada com 
                <strong>
                  câncer de mama
                </strong>
                 o que me levou a iniciar uma busca por explicações para a causa da doença, especialmente em pessoas jovens e sem outros casos na família, eu tinha 34 anos.
                <br />
                  Nessa busca eu encontrei estudos que relacionavam o 
                <strong>
                  câncer de mama
                </strong>
                 a algumas substâncias presentes nos antitranspirantes o que me fez querer 
                <strong>
                  mudar meus hábitos
                </strong>
                 de higiene e assim eu iniciei uma nova busca, agora por desodorantes que fossem produzidos com a menor quantidade de substâncias possíveis e sem aquela infinidade de produtos químicos dos antitranspirantes disponíveis no mercado.
                <br />
                  Foi assim, que eu encontrei o desodorante da Vida Natural sendo vendido em um restaurante indiano de Porto Alegre e que 
                <strong>
                  atendeu todas as minhas expectativas
                </strong>
                .
                <br />
                  Em 2017, porém me mudei para Belém, mas não sabia mais viver sem o desodorante da Vida Natural e minha busca recomeçou, foi quando encontrei a página da Vida Natural no facebook e as gurias facilitam minha vida 
                <strong>
                  mandando para mim pelos correios
                </strong>
                 sempre que eu os peço.
              </p>
              <em>
                Belém / PA
              </em>
            </article>
            <article
              class="css-1eefv9q-TestimonialContent"
            >
              <h3
                class="title is-4"
              >
                Monica Auga
              </h3>
              <p>
                Incrível!  
                <strong>
                  Único desodorante natural
                </strong>
                 que realmente superou os químicos. .... super aprovo, 5 anos que 
                <strong>
                  só uso
                </strong>
                 Vida Natural!!!
              </p>
              <em>
                Agrônoma - Florianópolis / SC
              </em>
            </article>
            <article
              class="css-1eefv9q-TestimonialContent"
            >
              <h3
                class="title is-4"
              >
                Andrea Freire
              </h3>
              <p>
                Durante 1 mês de 
                <strong>
                  árduo trabalho físico
                </strong>
                , velejando sob um sol escaldante e muito calor, o 
                <strong>
                  desodorante funcionou muito bem
                </strong>
                .
                <br />
                  Os produtos Vida Natural serão 
                <strong>
                  usados pelos pesquisadores no veleiro ECO/UFSC
                </strong>
                , pois aliam 
                <strong>
                  eficiência
                </strong>
                 à 
                <strong>
                  sustentabilidade ambiental
                </strong>
                .
              </p>
              <em>
                Bióloga - Florianópolis / SC
              </em>
            </article>
            <article
              class="css-1eefv9q-TestimonialContent"
            >
              <h3
                class="title is-4"
              >
                Samira Kohn
              </h3>
              <p>
                Quando buscamos uma 
                <strong>
                  vida mais saudável
                </strong>
                , começamos a olhar de forma 
                <strong>
                  mais consciente
                </strong>
                 para as 
                <strong>
                  nossas escolhas
                </strong>
                 e o quanto isso nos afeta em todos os sentidos.
                <br />
                  Geralmente, a 
                <strong>
                  mudança
                </strong>
                 começa na alimentação, mas muitas vezes não percebemos o quanto a 
                <strong>
                  nossa pele tem uma grande função
                </strong>
                 nessa parte.
                <br />
                  O 
                <strong>
                  Ayurveda
                </strong>
                , Medicina Tradicional Indiana, fala: 
                <strong>
                  passe na sua pele apenas o que você pode comer
                </strong>
                . Isso caiu como uma chave na minha vida e fazia todo sentido. A 
                <strong>
                  pele é o maior órgão do nosso corpo
                </strong>
                , o que passamos na pele 
                <strong>
                  vai para nossa corrente sanguínea
                </strong>
                .
                <br />
                  Foi aí que comecei a ser muito mais 
                <strong>
                  criteriosa
                </strong>
                 com todo cosmético que eu uso, e que a Vida Natural 
                <strong>
                  entrou na minha rotina
                </strong>
                . Trouxe um 
                <strong>
                  novo conceito de cuidado com o corpo
                </strong>
                , 
                <strong>
                  orgânico
                </strong>
                , 
                <strong>
                  saudável
                </strong>
                 e o melhor de tudo: livre de todas aquelas substâncias nocivas usadas nos produtos de beleza.
                <br />
                  
                <strong>
                  Amo toda a linha
                </strong>
                 de produtos e recomendo muito!
              </p>
              <em>
                Empreendedora - Florianópolis / SC
              </em>
            </article>
            <article
              class="css-1eefv9q-TestimonialContent"
            >
              <h3
                class="title is-4"
              >
                Gisele de Menezes
              </h3>
              <p>
                Há muito tempo descobri o desodorante de creme em um restaurante de POA e ADOREI. Nunca mais quis comprar outros desodorantes, pois na minha adolescência eu tive que fazer uma pequena cirurgia devido a um 
                <strong>
                  entupimento das glândulas sebáceas da axila
                </strong>
                , causado por 
                <strong>
                  desodorantes convencionais
                </strong>
                . Depois de um tempo descobri o Rollon e 
                <strong>
                  não voltei atrás
                </strong>
                .
                <br />
                  Claro que é importante manter uma boa assepsia do corpo, ter uma 
                <strong>
                  boa alimentação
                </strong>
                 que não produza tanta acidez, mas considero o desodorante 
                <strong>
                  suficiente para minhas necessidades
                </strong>
                . E saber também que é um produto 
                <strong>
                  natural e artesanal
                </strong>
                 é tudo!
                <br />
                  Que bom se os sabonetes, produtos de limpeza e todas as coisas fossem feitas dessa maneira!
              </p>
              <em>
                Escritora e terapeuta ayurveda - Porto Alegre / RS
              </em>
            </article>
            <article
              class="css-1eefv9q-TestimonialContent"
            >
              <h3
                class="title is-4"
              >
                Gabriela de Lucca
              </h3>
              <p>
                Ganhei o desodorante de presente e fiquei 
                <strong>
                  encantada com toda proposta
                </strong>
                 da marca. Usar um produto todos os dias sabendo que é 
                <strong>
                  feito com total amor
                </strong>
                , 
                <strong>
                  consciente e natural
                </strong>
                 faz meu 
                <strong>
                  dia começar muito melhor
                </strong>
                . Sem contar que 
                <strong>
                  funciona super bem
                </strong>
                 e 
                <strong>
                  não mancha minhas blusas
                </strong>
                . Recomendo com todo meu coração.
              </p>
              <em>
                Pesquisadora - Canada
              </em>
            </article>
            <article
              class="css-1eefv9q-TestimonialContent"
            >
              <h3
                class="title is-4"
              >
                Carol Carida
              </h3>
              <p>
                Eu adoro os produtos da Vida Natural. 
                <strong>
                  Abandonei o desodorante convencional
                </strong>
                 e muita coisa mudou na 
                <strong>
                  minha relação com o meu corpo
                </strong>
                . Me sinto mais 
                <strong>
                  conectada com a minha essência
                </strong>
                , além de ter sentido 
                <strong>
                  minha pele mais macia e bem cuidada
                </strong>
                 sem o uso de produtos químicos. Super recomendo esses produtos que são feitos com muito amor e contribuem com o nosso bem estar ❤
              </p>
              <em>
                Professora socióloga - Florianópolis / SC
              </em>
            </article>
            <article
              class="css-1eefv9q-TestimonialContent"
            >
              <h3
                class="title is-4"
              >
                Gabriel de Menezes
              </h3>
              <p>
                Utilizo os produtos da Vida Natural há pelo menos 2 anos. O 
                <strong>
                  desodorante
                </strong>
                 e os 
                <strong>
                  óleos hidratantes
                </strong>
                 fazem 
                <strong>
                  parte do meu dia a dia
                </strong>
                 desde então.
              </p>
              <em>
                Empresário - São Leopoldo / RS
              </em>
            </article>
            <article
              class="css-1eefv9q-TestimonialContent"
            >
              <h3
                class="title is-4"
              >
                Sebastian Bisbal
              </h3>
              <p>
                Yo no creia que los productos naturales iban hacer efecto. Desde hace un año que uso Vida Natural y 
                <strong>
                  no cambiaria por otros
                </strong>
                . Su 
                <strong>
                  eficacia es increible
                </strong>
                !
              </p>
              <em>
                Salva Vidas - Argentina
              </em>
            </article>
            <article
              class="css-1eefv9q-TestimonialContent"
            >
              <h3
                class="title is-4"
              >
                Camila de Lucca
              </h3>
              <p>
                O que me 
                <strong>
                  encanta
                </strong>
                 nesses produtos da Vida Natural é que, além de serem feitos com 
                <strong>
                  ingredientes naturais
                </strong>
                 e de 
                <strong>
                  ótima qualidade
                </strong>
                , são feitos com muito 
                <strong>
                  carinho e amor
                </strong>
                , e isso os transforma em 
                <strong>
                  verdadeiras "poções" de beleza e bem estar
                </strong>
                !
              </p>
              <em>
                Professora de Yoga - Florianópolis / SC
              </em>
            </article>
            <article
              class="css-1eefv9q-TestimonialContent"
            >
              <h3
                class="title is-4"
              >
                Priscila Pittel
              </h3>
              <p>
                O óleo além de 
                <strong>
                  hidratar a minha pele
                </strong>
                , 
                <strong>
                  estimula
                </strong>
                 a auto massagem, o que me traz uma 
                <strong>
                  série de benefícios
                </strong>
                . O 
                <strong>
                  desodorante neutraliza o odor sem tampar os meus poros
                </strong>
                , que 
                <strong>
                  precisam colocar as toxinas para fora
                </strong>
                . São 
                <strong>
                  pequenos hábitos diários
                </strong>
                 que fazem toda a 
                <strong>
                  diferença
                </strong>
                 na vida.
              </p>
              <em>
                Produtora de filmes - Rio de Janeiro / RJ
              </em>
            </article>
            <article
              class="css-1eefv9q-TestimonialContent"
            >
              <h3
                class="title is-4"
              >
                Merilyn Nossol da Silva
              </h3>
              <p>
                “A mamãe e o papai sempre usam o 
                <strong>
                  óleo de rosa mosqueta
                </strong>
                 da Vida Natural na minha pele. Ela fica 
                <strong>
                  macia
                </strong>
                 e sem assaduras!”
                <br />
                  Toda a 
                <strong>
                  nossa familia
                </strong>
                 usa os produtos da Vida Natural. Desorante, óleo hidratante, óleo de rosa mosqueta e adoramos. Produtos feitos com 
                <strong>
                  consciência e amor
                </strong>
                !
              </p>
              <em>
                Educadora - Florianópolis / SC
              </em>
            </article>
            <article
              class="css-1eefv9q-TestimonialContent"
            >
              <h3
                class="title is-4"
              >
                Bruno Pasti
              </h3>
              <p>
                Gosto do 
                <strong>
                  resultado dos cosméticos
                </strong>
                 Vida Natural. A 
                <strong>
                  pele fica ótima
                </strong>
                 com os hidratantes e o 
                <strong>
                  aroma
                </strong>
                 dos óleos essenciais é uma 
                <strong>
                  delícia
                </strong>
                .
              </p>
              <em>
                Bacharel em Física - Florianópolis / SC
              </em>
            </article>
          </div>
        </div>
      </div>
    </div>
  </div>
</div>
`;
