// Jest Snapshot v1, https://goo.gl/fbAQLP

exports[`renders correctly 1`] = `
<div>
  <nav
    class="menu-list-wrapper"
  >
    <span
      style="transform: ;transform: none;"
    >
      <a
        _pose="enter"
        href="#"
      >
        Home
      </a>
    </span>
    <span
      style="transform: ;transform: none;"
    >
      <a
        _pose="enter"
        href="#sobre"
      >
        Sobre
      </a>
    </span>
    <span
      style="transform: ;transform: none;"
    >
      <a
        _pose="enter"
        href="#eu-uso"
      >
        Eu uso
      </a>
    </span>
    <span
      style="transform: ;transform: none;"
    >
      <a
        _pose="enter"
        href="/produtos"
      >
        Produtos
      </a>
    </span>
    <span
      style="transform: ;transform: none;"
    >
      <a
        _pose="enter"
        href="#contato"
      >
        Contato
      </a>
    </span>
  </nav>
  <img
    alt="Ramo"
    src="/static/vine.png"
    width="70"
  />
</div>
`;
